cargo : warning: unused variable: `path`
At C:\Users\craig\AppData\Local\Temp\ps-script-5fd73de6-a056-48d6-8b75-6dd5de34b615.ps1:78 char:13
+ cd backend; cargo build 2>&1 > build_output.txt; Get-Content build_ou ...
+             ~~~~~~~~~~~~~~~~~~~~~~~~~~~~~~~~~~~
    + CategoryInfo          : NotSpecified: (warning: unused variable: `path`:String) [], RemoteException
    + FullyQualifiedErrorId : NativeCommandError
 
   --> src\secure_config.rs:168:31
    |
168 |     fn set_secure_permissions(path: &Path) -> Result<(), String> {
    |                               ^^^^ help: if this is intentional, prefix it with an underscore: `_path`
    |
    = note: `#[warn(unused_variables)]` on by default

warning: associated items `new_default` and `execute_trade` are never used
   --> src\trading_engine.rs:61:12
    |
49  | impl TradingEngine {
    | ------------------ associated items in this implementation
...
61  |     pub fn new_default() -> Self {
    |            ^^^^^^^^^^^
...
139 |     pub async fn execute_trade(&mut self, signal: &TradingSignal) -> bool {
    |                  ^^^^^^^^^^^^^
    |
    = note: `#[warn(dead_code)]` on by default

warning: associated function `new` is never used
  --> src\solana_integration.rs:22:12
   |
21 | impl SolanaClient {
   | ----------------- associated function in this implementation
22 |     pub fn new() -> Self {
   |            ^^^

warning: field `model_loaded` is never read
 --> src\ml_models.rs:5:9
  |
4 | pub struct TradingPredictor {
  |            ---------------- field in this struct
5 |     pub model_loaded: bool,
  |         ^^^^^^^^^^^^
  |
  = note: `TradingPredictor` has derived impls for the traits `Clone` and `Debug`, but these are intentionally ignored 
during dead code analysis

warning: methods `get_best_route` and `is_pair_supported` are never used
  --> src\jupiter_integration.rs:87:18
   |
44 | impl JupiterClient {
   | ------------------ methods in this implementation
...
87 |     pub async fn get_best_route(
   |                  ^^^^^^^^^^^^^^
...
98 |     pub async fn is_pair_supported(
   |                  ^^^^^^^^^^^^^^^^^

warning: function `with_security_headers` is never used
  --> src\security.rs:56:8
   |
56 | pub fn with_security_headers() -> warp::reply::WithHeader<warp::reply::Response> {
   |        ^^^^^^^^^^^^^^^^^^^^^

warning: fields `api_key`, `api_url`, `client`, and `model` are never read
  --> src\deepseek_ai.rs:57:5
   |
56 | pub struct DeepSeekClient {
   |            -------------- fields in this struct
57 |     api_key: String,
   |     ^^^^^^^
58 |     api_url: String,
   |     ^^^^^^^
59 |     client: reqwest::Client,
   |     ^^^^^^
60 |     model: String,
   |     ^^^^^

warning: methods `analyze_trade` and `assess_risk` are never used
   --> src\deepseek_ai.rs:74:18
    |
63  | impl DeepSeekClient {
    | ------------------- methods in this implementation
...
74  |     pub async fn analyze_trade(
    |                  ^^^^^^^^^^^^^
...
244 |     pub async fn assess_risk(
    |                  ^^^^^^^^^^^

warning: multiple variants are never constructed
  --> src\error_handling.rs:11:5
   |
10 | pub enum TradingError {
   |          ------------ variants in this enum
11 |     NetworkError(String),
   |     ^^^^^^^^^^^^
12 |     InsufficientFunds(String),
   |     ^^^^^^^^^^^^^^^^^
13 |     InvalidTransaction(String),
   |     ^^^^^^^^^^^^^^^^^^
14 |     RateLimitExceeded(String),
   |     ^^^^^^^^^^^^^^^^^
15 |     ApiError(String),
   |     ^^^^^^^^
16 |     ValidationError(String),
   |     ^^^^^^^^^^^^^^^
17 |     TimeoutError(String),
   |     ^^^^^^^^^^^^
   |
   = note: `TradingError` has derived impls for the traits `Clone` and `Debug`, but these are intentionally ignored 
during dead code analysis

warning: fields `initial_delay`, `max_delay`, and `backoff_multiplier` are never read
  --> src\error_handling.rs:40:9
   |
38 | pub struct RetryConfig {
   |            ----------- fields in this struct
39 |     pub max_attempts: u32,
40 |     pub initial_delay: Duration,
   |         ^^^^^^^^^^^^^
41 |     pub max_delay: Duration,
   |         ^^^^^^^^^
42 |     pub backoff_multiplier: f64,
   |         ^^^^^^^^^^^^^^^^^^
   |
   = note: `RetryConfig` has derived impls for the traits `Clone` and `Debug`, but these are intentionally ignored 
during dead code analysis

warning: associated function `conservative` is never used
  --> src\error_handling.rs:68:12
   |
56 | impl RetryConfig {
   | ---------------- associated function in this implementation
...
68 |     pub fn conservative() -> Self {
   |            ^^^^^^^^^^^^

warning: function `retry_with_backoff` is never used
  --> src\error_handling.rs:79:14
   |
79 | pub async fn retry_with_backoff<F, T, E>(
   |              ^^^^^^^^^^^^^^^^^^

warning: function `is_retryable_error` is never used
   --> src\error_handling.rs:123:8
    |
123 | pub fn is_retryable_error(error: &TradingError) -> bool {
    |        ^^^^^^^^^^^^^^^^^^

warning: fields `failure_threshold`, `success_threshold`, `timeout`, `failures`, `successes`, and `last_failure_time` 
are never read
   --> src\error_handling.rs:132:5
    |
131 | pub struct CircuitBreaker {
    |            -------------- fields in this struct
132 |     failure_threshold: u32,
    |     ^^^^^^^^^^^^^^^^^
133 |     success_threshold: u32,
    |     ^^^^^^^^^^^^^^^^^
134 |     timeout: Duration,
    |     ^^^^^^^
135 |     failures: tokio::sync::Mutex<u32>,
    |     ^^^^^^^^
136 |     successes: tokio::sync::Mutex<u32>,
    |     ^^^^^^^^^
137 |     state: tokio::sync::Mutex<CircuitState>,
138 |     last_failure_time: tokio::sync::Mutex<Option<std::time::Instant>>,
    |     ^^^^^^^^^^^^^^^^^

warning: variants `Open` and `HalfOpen` are never constructed
   --> src\error_handling.rs:144:5
    |
142 | pub enum CircuitState {
    |          ------------ variants in this enum
143 |     Closed,  // Normal operation
144 |     Open,    // Blocking requests
    |     ^^^^
145 |     HalfOpen, // Testing if service recovered
    |     ^^^^^^^^
    |
    = note: `CircuitState` has derived impls for the traits `Clone` and `Debug`, but these are intentionally ignored 
during dead code analysis

warning: methods `call`, `on_success`, and `on_failure` are never used
   --> src\error_handling.rs:161:18
    |
148 | impl CircuitBreaker {
    | ------------------- methods in this implementation
...
161 |     pub async fn call<F, T, E>(&self, operation: F) -> Result<T, TradingError>
    |                  ^^^^
...
204 |     async fn on_success(&self) {
    |              ^^^^^^^^^^
...
218 |     async fn on_failure(&self) {
    |              ^^^^^^^^^^

warning: method `record_transaction` is never used
  --> src\fee_optimization.rs:43:12
   |
32 | impl FeeOptimizer {
   | ----------------- method in this implementation
...
43 |     pub fn record_transaction(&mut self, fee: u64, confirmation_time: Duration) {
   |            ^^^^^^^^^^^^^^^^^^

warning: field `encryption_enabled` is never read
 --> src\key_manager.rs:7:5
  |
6 | pub struct KeyManager {
  |            ---------- field in this struct
7 |     encryption_enabled: bool,
  |     ^^^^^^^^^^^^^^^^^^

warning: multiple associated items are never used
   --> src\key_manager.rs:30:12
    |
24  | impl KeyManager {
    | --------------- associated items in this implementation
...
30  |     pub fn load_from_env(&self, env_var: &str) -> Result<String, String> {
    |            ^^^^^^^^^^^^^
...
36  |     pub fn load_from_file(&self, path: &Path) -> Result<Vec<u8>, String> {
    |            ^^^^^^^^^^^^^^
...
57  |     pub fn save_to_file(&self, key_bytes: &[u8], path: &Path) -> Result<(), String> {
    |            ^^^^^^^^^^^^
...
85  |     pub fn validate_base58_key(&self, key: &str) -> Result<(), String> {
    |            ^^^^^^^^^^^^^^^^^^^
...
100 |     pub fn obfuscate(&self, data: &[u8], key: &[u8]) -> Vec<u8> {
    |            ^^^^^^^^^
...
112 |     pub fn deobfuscate(&self, data: &[u8], key: &[u8]) -> Vec<u8> {
    |            ^^^^^^^^^^^
...
118 |     pub fn generate_encryption_key() -> [u8; 32] {
    |            ^^^^^^^^^^^^^^^^^^^^^^^
...
126 |     pub fn derive_address(public_key: &[u8]) -> String {
    |            ^^^^^^^^^^^^^^
...
131 |     pub fn wallet_exists(path: &Path) -> bool {
    |            ^^^^^^^^^^^^^
...
136 |     pub fn default_wallet_path() -> String {
    |            ^^^^^^^^^^^^^^^^^^^

warning: multiple methods are never used
   --> src\database.rs:81:12
    |
53  | impl Database {
    | ------------- methods in this implementation
...
81  |     pub fn get_all_trades(&self) -> &[TradeRecord] {
    |            ^^^^^^^^^^^^^^
...
94  |     pub fn get_trades_by_timerange(&self, start: i64, end: i64) -> Vec<&TradeRecord> {
    |            ^^^^^^^^^^^^^^^^^^^^^^^
...
111 |     pub fn insert_snapshot(&mut self, snapshot: PortfolioSnapshot) -> Result<(), String> {
    |            ^^^^^^^^^^^^^^^
...
118 |     pub fn get_all_snapshots(&self) -> &[PortfolioSnapshot] {
    |            ^^^^^^^^^^^^^^^^^
...
123 |     pub fn get_recent_snapshots(&self, count: usize) -> Vec<&PortfolioSnapshot> {
    |            ^^^^^^^^^^^^^^^^^^^^
...
132 |     pub fn insert_performance(&mut self, perf: PerformanceRecord) -> Result<(), String> {
    |            ^^^^^^^^^^^^^^^^^^
...
139 |     pub fn get_all_performance(&self) -> &[PerformanceRecord] {
    |            ^^^^^^^^^^^^^^^^^^^
...
235 |     pub fn clear_all(&mut self) -> Result<(), String> {
    |            ^^^^^^^^^
...
245 |     pub fn export_trades_csv(&self, path: &Path) -> Result<(), String> {
    |            ^^^^^^^^^^^^^^^^^

warning: field `data` is never read
  --> src\switchboard_oracle.rs:26:5
   |
24 | struct SwitchboardApiResponse {
   |        ---------------------- field in this struct
25 |     #[serde(default)]
26 |     data: Option<SwitchboardData>,
   |     ^^^^
   |
   = note: `SwitchboardApiResponse` has a derived impl for the trait `Debug`, but this is intentionally ignored during 
dead code analysis

warning: fields `result`, `std_dev`, and `slot` are never read
  --> src\switchboard_oracle.rs:32:5
   |
30 | struct SwitchboardData {
   |        --------------- fields in this struct
31 |     #[serde(default)]
32 |     result: Option<f64>,
   |     ^^^^^^
33 |     #[serde(default)]
34 |     std_dev: Option<f64>,
   |     ^^^^^^^
35 |     #[serde(default)]
36 |     slot: Option<u64>,
   |     ^^^^
   |
   = note: `SwitchboardData` has a derived impl for the trait `Debug`, but this is intentionally ignored during dead 
code analysis

warning: associated items `new_simulated`, `new_production`, `get_available_symbols`, `add_feed`, and `is_data_fresh` 
are never used
   --> src\switchboard_oracle.rs:79:12
    |
46  | impl SwitchboardClient {
    | ---------------------- associated items in this implementation
...
79  |     pub fn new_simulated() -> Self {
    |            ^^^^^^^^^^^^^
...
87  |     pub fn new_production(rpc_url: String) -> Self {
    |            ^^^^^^^^^^^^^^
...
167 |     pub fn get_available_symbols(&self) -> Vec<String> {
    |            ^^^^^^^^^^^^^^^^^^^^^
...
172 |     pub fn add_feed(&mut self, symbol: String, feed_address: String) {
    |            ^^^^^^^^
...
199 |     pub fn is_data_fresh(feed: &OracleFeed, max_age_seconds: i64) -> bool {
    |            ^^^^^^^^^^^^^

warning: field `switchboard` is never read
   --> src\switchboard_oracle.rs:212:5
    |
211 | pub struct OracleAggregator {
    |            ---------------- field in this struct
212 |     switchboard: SwitchboardClient,
    |     ^^^^^^^^^^^

warning: methods `get_aggregated_price` and `get_price_with_confidence` are never used
   --> src\switchboard_oracle.rs:224:18
    |
215 | impl OracleAggregator {
    | --------------------- methods in this implementation
...
224 |     pub async fn get_aggregated_price(&self, symbol: &str) -> Result<f64, Box<dyn Error>> {
    |                  ^^^^^^^^^^^^^^^^^^^^
...
231 |     pub async fn get_price_with_confidence(&self, symbol: &str) -> Result<(f64, f64), Box<dyn Error>> {
    |                  ^^^^^^^^^^^^^^^^^^^^^^^^^

warning: methods `get_token_pairs`, `get_multiple_token_pairs`, and `get_pair` are never used
   --> src\dex_screener.rs:208:18
    |
121 | impl DexScreenerClient {
    | ---------------------- methods in this implementation
...
208 |     pub async fn get_token_pairs(&self, token_address: &str) -> Result<Vec<TokenPair>, Box<dyn Error>> {
    |                  ^^^^^^^^^^^^^^^
...
238 |     pub async fn get_multiple_token_pairs(&self, token_addresses: &[String]) -> Result<Vec<TokenPair>, Box<dyn 
Error>> {
    |                  ^^^^^^^^^^^^^^^^^^^^^^^^
...
251 |     pub async fn get_pair(&self, chain: &str, pair_address: &str) -> Result<Option<TokenPair>, Box<dyn Error>> {
    |                  ^^^^^^^^

warning: fields `api_url` and `client` are never read
  --> src\pumpfun.rs:68:5
   |
67 | pub struct PumpFunClient {
   |            ------------- fields in this struct
68 |     api_url: String,
   |     ^^^^^^^
69 |     client: reqwest::Client,
   |     ^^^^^^

warning: method `get_token_details` is never used
  --> src\pumpfun.rs:93:18
   |
72 | impl PumpFunClient {
   | ------------------ method in this implementation
...
93 |     pub async fn get_token_details(&self, mint: &str) -> Result<Option<TokenLaunch>, Box<dyn Error>> {
   |                  ^^^^^^^^^^^^^^^^^

warning: method `is_safe_to_trade` is never used
   --> src\pumpfun.rs:304:12
    |
291 | impl MemeAnalyzer {
    | ----------------- method in this implementation
...
304 |     pub fn is_safe_to_trade(&self, sentiment: &MemeSentiment, _min_market_cap: f64) -> bool {
    |            ^^^^^^^^^^^^^^^^

warning: method `get_stats` is never used
   --> src\autonomous_agent.rs:310:18
    |
43  | impl AutonomousAgent {
    | -------------------- method in this implementation
...
310 |     pub async fn get_stats(&self) -> HashMap<String, String> {
    |                  ^^^^^^^^^

warning: method `update_reputation` is never used
   --> src\signal_platform.rs:112:12
    |
92  | impl SignalProvider {
    | ------------------- method in this implementation
...
112 |     pub fn update_reputation(&mut self, signal_success: bool) {
    |            ^^^^^^^^^^^^^^^^^

warning: methods `create_signal_offer` and `process_x402_message` are never used
   --> src\signal_platform.rs:392:12
    |
137 | impl SignalMarketplace {
    | ---------------------- methods in this implementation
...
392 |     pub fn create_signal_offer(&self, signal: TradingSignalData, provider_id: &str) -> X402Message {
    |            ^^^^^^^^^^^^^^^^^^^
...
405 |     pub async fn process_x402_message(&self, message: X402Message) -> Result<Option<X402Message>, String> {
    |                  ^^^^^^^^^^^^^^^^^^^^

warning: field `jupiter_client` is never read
  --> src\specialized_providers.rs:33:5
   |
25 | pub struct SpecializedProvider {
   |            ------------------- field in this struct
...
33 |     jupiter_client: Arc<JupiterClient>,
   |     ^^^^^^^^^^^^^^

warning: methods `get_performance_metrics` and `learn_from_outcome` are never used
   --> src\specialized_providers.rs:757:18
    |
40  | impl SpecializedProvider {
    | ------------------------ methods in this implementation
...
757 |     pub async fn get_performance_metrics(&self) -> crate::reinforcement_learning::AgentPerformance {
    |                  ^^^^^^^^^^^^^^^^^^^^^^^
...
762 |     pub async fn learn_from_outcome(&self, symbol: String, entry_price: f64, exit_price: f64, action: &str, 
confidence: f64) {
    |                  ^^^^^^^^^^^^^^^^^^

warning: field `symbol` is never read
   --> src\specialized_providers.rs:809:5
    |
808 | struct SymbolAnalysis {
    |        -------------- field in this struct
809 |     symbol: String,
    |     ^^^^^^
    |
    = note: `SymbolAnalysis` has a derived impl for the trait `Debug`, but this is intentionally ignored during dead 
code analysis

warning: methods `update` and `calculate_sharpe_ratio` are never used
   --> src\reinforcement_learning.rs:79:12
    |
63  | impl AgentPerformance {
    | --------------------- methods in this implementation
...
79  |     pub fn update(&mut self, reward: f64) {
    |            ^^^^^^
...
105 |     pub fn calculate_sharpe_ratio(&mut self, returns: &[f64]) {
    |            ^^^^^^^^^^^^^^^^^^^^^^

warning: multiple fields are never read
   --> src\reinforcement_learning.rs:125:9
    |
123 | pub struct RLAgent {
    |            ------- fields in this struct
124 |     pub agent_id: String,
125 |     pub provider_type: String,
    |         ^^^^^^^^^^^^^
126 |     deepseek_client: Option<Arc<DeepSeekClient>>,
    |     ^^^^^^^^^^^^^^^
127 |     experience_buffer: Arc<Mutex<VecDeque<Experience>>>,
    |     ^^^^^^^^^^^^^^^^^
128 |     pub(crate) performance: Arc<Mutex<AgentPerformance>>,
129 |     q_table: Arc<Mutex<HashMap<String, f64>>>, // Simple Q-learning table
    |     ^^^^^^^
130 |     pub(crate) epsilon: f64, // Exploration rate
    |                ^^^^^^^
131 |     gamma: f64,   // Discount factor
    |     ^^^^^
132 |     max_buffer_size: usize,
    |     ^^^^^^^^^^^^^^^
133 |     historical_data: Arc<Mutex<HistoricalDataManager>>, // Historical price data
    |     ^^^^^^^^^^^^^^^

warning: multiple associated items are never used
   --> src\reinforcement_learning.rs:155:18
    |
136 | impl RLAgent {
    | ------------ associated items in this implementation
...
155 |     pub async fn add_historical_data(&self, symbol: String, data_point: PriceDataPoint) {
    |                  ^^^^^^^^^^^^^^^^^^^
...
161 |     pub async fn get_historical_features(&self, symbol: &str) -> Option<HistoricalFeatures> {
    |                  ^^^^^^^^^^^^^^^^^^^^^^^
...
167 |     pub async fn make_decision(
    |                  ^^^^^^^^^^^^^
...
214 |     async fn ask_deepseek_with_learning(
    |              ^^^^^^^^^^^^^^^^^^^^^^^^^^
...
326 |     fn summarize_experiences(&self, experiences: &[&Experience]) -> String {
    |        ^^^^^^^^^^^^^^^^^^^^^
...
345 |     fn generate_exploratory_action(&self, state: &MarketState) -> Action {
    |        ^^^^^^^^^^^^^^^^^^^^^^^^^^^
...
358 |     async fn make_q_learning_decision(&self, state: &MarketState) -> Result<Action, String> {
    |              ^^^^^^^^^^^^^^^^^^^^^^^^
...
384 |     pub(crate) fn encode_state(&self, state: &MarketState) -> String {
    |                   ^^^^^^^^^^^^
...
396 |     pub async fn record_experience(&self, experience: Experience) {
    |                  ^^^^^^^^^^^^^^^^^
...
425 |     async fn update_q_table(&self, experience: &Experience) {
    |              ^^^^^^^^^^^^^^
...
455 |     pub fn calculate_reward(
    |            ^^^^^^^^^^^^^^^^
...
486 |     pub async fn get_recent_experiences(&self, count: usize) -> Vec<Experience> {
    |                  ^^^^^^^^^^^^^^^^^^^^^^
...
496 |     pub async fn decay_exploration(&mut self) {
    |                  ^^^^^^^^^^^^^^^^^

warning: method `update_all_agents` is never used
   --> src\reinforcement_learning.rs:537:18
    |
523 | impl LearningCoordinator {
    | ------------------------ method in this implementation
...
537 |     pub async fn update_all_agents(&self, signal: &TradingSignalData, outcome: SignalOutcome) {
    |                  ^^^^^^^^^^^^^^^^^

warning: struct `SignalOutcome` is never constructed
   --> src\reinforcement_learning.rs:584:12
    |
584 | pub struct SignalOutcome {
    |            ^^^^^^^^^^^^^
    |
    = note: `SignalOutcome` has derived impls for the traits `Clone` and `Debug`, but these are intentionally ignored 
during dead code analysis

warning: struct `SecureConfig` is never constructed
 --> src\secure_config.rs:7:12
  |
7 | pub struct SecureConfig {
  |            ^^^^^^^^^^^^

warning: multiple associated items are never used
   --> src\secure_config.rs:27:12
    |
26  | impl SecureConfig {
    | ----------------- associated items in this implementation
27  |     pub fn new() -> Self {
    |            ^^^
...
42  |     fn get_config_directory() -> PathBuf {
    |        ^^^^^^^^^^^^^^^^^^^^
...
50  |     pub fn with_encryption_key(&mut self, key: Vec<u8>) {
    |            ^^^^^^^^^^^^^^^^^^^
...
55  |     pub fn generate_encryption_key() -> Vec<u8> {
    |            ^^^^^^^^^^^^^^^^^^^^^^^
...
63  |     pub fn save_deepseek_key(&self, api_key: &str) -> Result<(), String> {
    |            ^^^^^^^^^^^^^^^^^
...
101 |     pub fn load_deepseek_key(&self) -> Result<Option<String>, String> {
    |            ^^^^^^^^^^^^^^^^^
...
141 |     fn encrypt_data(&self, data: &[u8], key: &[u8]) -> Result<String, String> {
    |        ^^^^^^^^^^^^
...
153 |     fn decrypt_data(&self, encrypted_base64: &str, key: &[u8]) -> Result<Vec<u8>, String> {
    |        ^^^^^^^^^^^^
...
168 |     fn set_secure_permissions(path: &Path) -> Result<(), String> {
    |        ^^^^^^^^^^^^^^^^^^^^^^
...
183 |     pub fn delete_deepseek_key(&self) -> Result<(), String> {
    |            ^^^^^^^^^^^^^^^^^^^
...
196 |     pub fn validate_deepseek_key(api_key: &str) -> Result<(), String> {
    |            ^^^^^^^^^^^^^^^^^^^^^
...
210 |     pub fn setup_interactive() -> Result<String, String> {
    |            ^^^^^^^^^^^^^^^^^
...
246 |     pub fn is_configured(&self) -> bool {
    |            ^^^^^^^^^^^^^
...
252 |     pub fn get_status(&self) -> ConfigStatus {
    |            ^^^^^^^^^^

warning: function `init_deepseek_with_secure_config` is never used
   --> src\secure_config.rs:275:8
    |
275 | pub fn init_deepseek_with_secure_config() -> Result<Option<String>, String> {
    |        ^^^^^^^^^^^^^^^^^^^^^^^^^^^^^^^^

warning: struct `EnhancedMarketplace` is never constructed
  --> src\enhanced_marketplace.rs:10:12
   |
10 | pub struct EnhancedMarketplace {
   |            ^^^^^^^^^^^^^^^^^^^

warning: multiple associated items are never used
   --> src\enhanced_marketplace.rs:155:12
    |
154 | impl EnhancedMarketplace {
    | ------------------------ associated items in this implementation
155 |     pub fn new(base_marketplace: Arc<SignalMarketplace>) -> Self {
    |            ^^^
...
171 |     pub async fn subscribe_to_provider(
    |                  ^^^^^^^^^^^^^^^^^^^^^
...
213 |     pub async fn get_user_subscriptions(&self, user_id: &str) -> Vec<Subscription> {
    |                  ^^^^^^^^^^^^^^^^^^^^^^
...
225 |     pub async fn rate_signal(
    |                  ^^^^^^^^^^^
...
288 |     pub async fn get_signal_rating(&self, signal_id: &str) -> Option<SignalRating> {
    |                  ^^^^^^^^^^^^^^^^^
...
294 |     pub async fn update_signal_performance(
    |                  ^^^^^^^^^^^^^^^^^^^^^^^^^
...
317 |     pub async fn close_signal_position(
    |                  ^^^^^^^^^^^^^^^^^^^^^
...
353 |     pub async fn get_signal_performance(&self, signal_id: &str) -> Option<SignalPerformance> {
    |                  ^^^^^^^^^^^^^^^^^^^^^^
...
359 |     pub async fn update_leaderboard(&self) -> Result<(), String> {
    |                  ^^^^^^^^^^^^^^^^^^
...
446 |     async fn update_top_signals_24h(&self, leaderboard: &mut Leaderboard) -> Result<(), String> {
    |              ^^^^^^^^^^^^^^^^^^^^^^
...
480 |     async fn update_trending_symbols(&self, leaderboard: &mut Leaderboard) -> Result<(), String> {
    |              ^^^^^^^^^^^^^^^^^^^^^^^
...
533 |     pub async fn get_leaderboard(&self) -> Leaderboard {
    |                  ^^^^^^^^^^^^^^^
...
538 |     pub async fn get_marketplace_stats(&self) -> MarketplaceStats {
    |                  ^^^^^^^^^^^^^^^^^^^^^
...
579 |     pub async fn search_signals(
    |                  ^^^^^^^^^^^^^^

warning: multiple associated items are never used
   --> src\historical_data.rs:24:12
    |
23  | impl HistoricalDataset {
    | ---------------------- associated items in this implementation
24  |     pub fn new(symbol: String, max_size: usize) -> Self {
    |            ^^^
...
33  |     pub fn add_data_point(&mut self, point: PriceDataPoint) {
    |            ^^^^^^^^^^^^^^
...
43  |     pub fn get_recent(&self, count: usize) -> Vec<PriceDataPoint> {
    |            ^^^^^^^^^^
...
52  |     pub fn calculate_price_changes(&self) -> PriceChanges {
    |            ^^^^^^^^^^^^^^^^^^^^^^^
...
74  |     fn calculate_change(&self, current_price: f64, minutes_ago: usize) -> f64 {
    |        ^^^^^^^^^^^^^^^^
...
88  |     pub fn calculate_moving_averages(&self) -> MovingAverages {
    |            ^^^^^^^^^^^^^^^^^^^^^^^^^
...
100 |     fn calculate_sma(&self, period: usize) -> Option<f64> {
    |        ^^^^^^^^^^^^^
...
114 |     fn calculate_ema(&self, period: usize) -> Option<f64> {
    |        ^^^^^^^^^^^^^
...
135 |     pub fn calculate_volatility(&self, period: usize) -> f64 {
    |            ^^^^^^^^^^^^^^^^^^^^
...
164 |     pub fn calculate_rsi(&self, period: usize) -> Option<f64> {
    |            ^^^^^^^^^^^^^
...
202 |     pub fn generate_features(&self) -> HistoricalFeatures {
    |            ^^^^^^^^^^^^^^^^^

warning: fields `datasets` and `max_size_per_symbol` are never read
   --> src\historical_data.rs:282:5
    |
281 | pub struct HistoricalDataManager {
    |            --------------------- fields in this struct
282 |     datasets: std::collections::HashMap<String, HistoricalDataset>,
    |     ^^^^^^^^
283 |     max_size_per_symbol: usize,
    |     ^^^^^^^^^^^^^^^^^^^

warning: methods `add_price_data`, `get_features`, `get_dataset`, and `get_symbols` are never used
   --> src\historical_data.rs:295:12
    |
286 | impl HistoricalDataManager {
    | -------------------------- methods in this implementation
...
295 |     pub fn add_price_data(&mut self, symbol: String, point: PriceDataPoint) {
    |            ^^^^^^^^^^^^^^
...
304 |     pub fn get_features(&self, symbol: &str) -> Option<HistoricalFeatures> {
    |            ^^^^^^^^^^^^
...
309 |     pub fn get_dataset(&self, symbol: &str) -> Option<&HistoricalDataset> {
    |            ^^^^^^^^^^^
...
314 |     pub fn get_symbols(&self) -> Vec<String> {
    |            ^^^^^^^^^^^

warning: associated items `from_file`, `keypair`, `to_base58`, and `save_to_file` are never used
  --> src\wallet.rs:39:12
   |
13 | impl Wallet {
   | ----------- associated items in this implementation
...
39 |     pub fn from_file(path: &Path) -> Result<Self, String> {
   |            ^^^^^^^^^
...
86 |     pub fn keypair(&self) -> &Keypair {
   |            ^^^^^^^
...
91 |     pub fn to_base58(&self) -> String {
   |            ^^^^^^^^^
...
96 |     pub fn save_to_file(&self, path: &Path) -> Result<(), String> {
   |            ^^^^^^^^^^^^

warning: fields `bump` and `authority` are never read
  --> src\pda.rs:10:9
   |
6  | pub struct TreasuryPDA {
   |            ----------- fields in this struct
...
10 |     pub bump: u8,
   |         ^^^^
11 |     /// The authority that controls this PDA
12 |     pub authority: Pubkey,
   |         ^^^^^^^^^

warning: associated items `derive_for_agent`, `verify`, and `address_string` are never used
  --> src\pda.rs:52:12
   |
15 | impl TreasuryPDA {
   | ---------------- associated items in this implementation
...
52 |     pub fn derive_for_agent(authority: &Pubkey, agent_name: &str) -> Result<Self, String> {
   |            ^^^^^^^^^^^^^^^^
...
59 |     pub fn verify(&self, program_id: &Pubkey, seed_prefix: &str) -> bool {
   |            ^^^^^^
...
74 |     pub fn address_string(&self) -> String {
   |            ^^^^^^^^^^^^^^

warning: function `parse_program_id` is never used
  --> src\pda.rs:80:8
   |
80 | pub fn parse_program_id(program_id_str: &str) -> Result<Pubkey, String> {
   |        ^^^^^^^^^^^^^^^^

warning: field `commitment` is never read
  --> src\rpc_client.rs:13:5
   |
11 | pub struct SolanaRpcClient {
   |            --------------- field in this struct
12 |     client: RpcClient,
13 |     commitment: CommitmentConfig,
   |     ^^^^^^^^^^

warning: multiple methods are never used
   --> src\rpc_client.rs:42:18
    |
16  | impl SolanaRpcClient {
    | -------------------- methods in this implementation
...
42  |     pub async fn get_balance_lamports(&self, pubkey: &Pubkey) -> Result<u64, String> {
    |                  ^^^^^^^^^^^^^^^^^^^^
...
49  |     pub async fn request_airdrop(&self, pubkey: &Pubkey, amount_sol: f64) -> Result<Signature, String> {
    |                  ^^^^^^^^^^^^^^^
...
61  |     pub async fn confirm_transaction(&self, signature: &Signature) -> Result<bool, String> {
    |                  ^^^^^^^^^^^^^^^^^^^
...
81  |     pub async fn send_transaction(&self, transaction: &Transaction) -> Result<Signature, String> {
    |                  ^^^^^^^^^^^^^^^^
...
91  |     pub async fn send_and_confirm_transaction(
    |                  ^^^^^^^^^^^^^^^^^^^^^^^^^^^^
...
106 |     pub async fn get_latest_blockhash(&self) -> Result<solana_sdk::hash::Hash, String> {
    |                  ^^^^^^^^^^^^^^^^^^^^
...
113 |     pub async fn get_account(&self, pubkey: &Pubkey) -> Result<solana_sdk::account::Account, String> {
    |                  ^^^^^^^^^^^
...
120 |     pub async fn account_exists(&self, pubkey: &Pubkey) -> bool {
    |                  ^^^^^^^^^^^^^^
...
125 |     pub async fn get_slot(&self) -> Result<u64, String> {
    |                  ^^^^^^^^
...
132 |     pub async fn get_block_time(&self, slot: u64) -> Result<i64, String> {
    |                  ^^^^^^^^^^^^^^
...
139 |     pub async fn get_transaction(&self, signature: &Signature) -> 
Result<Option<solana_client::rpc_response::RpcConfirmedTransactionStatu...
    |                  ^^^^^^^^^^^^^^^
...
153 |     pub fn client(&self) -> &RpcClient {
    |            ^^^^^^

warning: field `enabled` is never read
 --> src\quant_analysis.rs:6:9
  |
5 | pub struct QuantAnalyzer {
  |            ------------- field in this struct
6 |     pub enabled: bool,
  |         ^^^^^^^
  |
  = note: `QuantAnalyzer` has derived impls for the traits `Clone` and `Debug`, but these are intentionally ignored 
during dead code analysis

warning: fields `jsonrpc`, `result`, and `id` are never read
  --> src\jito_bam.rs:49:9
   |
48 | pub struct BundleResponse {
   |            -------------- fields in this struct
49 |     pub jsonrpc: String,
   |         ^^^^^^^
50 |     pub result: String, // Bundle UUID
   |         ^^^^^^
51 |     pub id: u64,
   |         ^^
   |
   = note: `BundleResponse` has a derived impl for the trait `Debug`, but this is intentionally ignored during dead 
code analysis

warning: fields `jsonrpc` and `id` are never read
  --> src\jito_bam.rs:68:9
   |
67 | pub struct BundleStatusResponse {
   |            -------------------- fields in this struct
68 |     pub jsonrpc: String,
   |         ^^^^^^^
69 |     pub result: BundleStatusResult,
70 |     pub id: u64,
   |         ^^
   |
   = note: `BundleStatusResponse` has a derived impl for the trait `Debug`, but this is intentionally ignored during 
dead code analysis

warning: field `context` is never read
  --> src\jito_bam.rs:75:9
   |
74 | pub struct BundleStatusResult {
   |            ------------------ field in this struct
75 |     pub context: BundleContext,
   |         ^^^^^^^
   |
   = note: `BundleStatusResult` has a derived impl for the trait `Debug`, but this is intentionally ignored during 
dead code analysis

warning: field `slot` is never read
  --> src\jito_bam.rs:81:9
   |
80 | pub struct BundleContext {
   |            ------------- field in this struct
81 |     pub slot: u64,
   |         ^^^^
   |
   = note: `BundleContext` has a derived impl for the trait `Debug`, but this is intentionally ignored during dead 
code analysis

warning: fields `bundle_id` and `landed_slot` are never read
  --> src\jito_bam.rs:86:9
   |
85 | pub struct BundleStatusValue {
   |            ----------------- fields in this struct
86 |     pub bundle_id: String,
   |         ^^^^^^^^^
87 |     pub status: BundleStatus,
88 |     pub landed_slot: Option<u64>,
   |         ^^^^^^^^^^^
   |
   = note: `BundleStatusValue` has a derived impl for the trait `Debug`, but this is intentionally ignored during dead 
code analysis

warning: fields `tip_amount_lamports` and `max_retries` are never read
  --> src\jito_bam.rs:94:9
   |
93 | pub struct BundleConfig {
   |            ------------ fields in this struct
94 |     pub tip_amount_lamports: u64,
   |         ^^^^^^^^^^^^^^^^^^^
95 |     pub max_retries: u32,
   |         ^^^^^^^^^^^
   |
   = note: `BundleConfig` has derived impls for the traits `Clone` and `Debug`, but these are intentionally ignored 
during dead code analysis

warning: associated items `with_config`, `submit_bundle`, `wait_for_bundle`, and `submit_bundle_with_retry` are never 
used
   --> src\jito_bam.rs:140:12
    |
117 | impl JitoBamClient {
    | ------------------ associated items in this implementation
...
140 |     pub fn with_config(use_mainnet: bool, config: BundleConfig) -> Self {
    |            ^^^^^^^^^^^
...
148 |     pub async fn submit_bundle(
    |                  ^^^^^^^^^^^^^
...
220 |     pub async fn wait_for_bundle(
    |                  ^^^^^^^^^^^^^^^
...
254 |     pub async fn submit_bundle_with_retry(
    |                  ^^^^^^^^^^^^^^^^^^^^^^^^

warning: struct `TradingBundleBuilder` is never constructed
   --> src\jito_bam.rs:286:12
    |
286 | pub struct TradingBundleBuilder {
    |            ^^^^^^^^^^^^^^^^^^^^

warning: associated items `new`, `add_transaction`, `add_transactions`, and `build` are never used
   --> src\jito_bam.rs:292:12
    |
291 | impl TradingBundleBuilder {
    | ------------------------- associated items in this implementation
292 |     pub fn new(description: &str) -> Self {
    |            ^^^
...
300 |     pub fn add_transaction(mut self, tx: Transaction) -> Self {
    |            ^^^^^^^^^^^^^^^
...
306 |     pub fn add_transactions(mut self, txs: Vec<Transaction>) -> Self {
    |            ^^^^^^^^^^^^^^^^
...
312 |     pub fn build(self) -> Vec<Transaction> {
    |            ^^^^^

warning: `agentburn-backend` (bin "agentburn-backend") generated 64 warnings
    Finished `dev` profile [unoptimized + debuginfo] target(s) in 0.95s
